@ Port P1
def port
  ident P1
@ Port P2
def port
  ident P2
  formal param
    kind value
    ident a
    type name U32
  formal param
    kind value
    ident b
    type name F64
@ Port P3
def port
  ident P3
  @ Argument a
  formal param
    kind value
    ident a
    type name U32
  @ Argument b
  formal param
    kind value
    ident b
    type name F64
@ Port P4
def port
  ident P4
  formal param
    kind ref
    ident a
    type name U32
  formal param
    kind ref
    ident b
    type name F64
@ Port P5
def port
  ident P5
  type name I32
@ Port P6
def port
  ident P6
  formal param
    kind value
    ident a
    type name U32
  formal param
    kind value
    ident b
    type name F64
  type name I32
@ Port P7
def port
  ident P7
  formal param
    kind value
    ident a
    type name U32
  @< Argument a
  formal param
    kind value
    ident b
    type name F64
  @< Argument b
  type name I32
@ Port P8
def port
  ident P8
  formal param
    kind ref
    ident a
    type name U32
  formal param
    kind ref
    ident b
    type name F64
  type name I32
