def array
  ident A1
  literal int 3
  type name U8
def array
  ident A2
  literal int 3
  type name U16
def array
  ident A3
  literal int 3
  type name U32
def array
  ident A4
  literal int 3
  type name U64
def array
  ident A5
  literal int 3
  type name I8
def array
  ident A6
  literal int 3
  type name I16
def array
  ident A7
  literal int 3
  type name I32
def array
  ident A8
  literal int 3
  type name I64
